
R version 4.1.1 (2021-08-10) -- "Kick Things"
Copyright (C) 2021 The R Foundation for Statistical Computing
Platform: x86_64-pc-linux-gnu (64-bit)

R is free software and comes with ABSOLUTELY NO WARRANTY.
You are welcome to redistribute it under certain conditions.
Type 'license()' or 'licence()' for distribution details.

  Natural language support but running in an English locale

R is a collaborative project with many contributors.
Type 'contributors()' for more information and
'citation()' on how to cite R or R packages in publications.

Type 'demo()' for some demos, 'help()' for on-line help, or
'help.start()' for an HTML browser interface to help.
Type 'q()' to quit R.

> if (!requireNamespace("BiocManager", quietly = TRUE))
+   install.packages("BiocManager")
> if (!requireNamespace("SC3", quietly = TRUE))
+   BiocManager::install("SC3")
Bioconductor version 3.14 (BiocManager 1.30.16), R 4.1.1 (2021-08-10)
Installing package(s) 'BiocVersion', 'SC3'
also installing the dependencies ‘zlibbioc’, ‘XVector’, ‘GenomeInfoDbData’, ‘MatrixGenerics’, ‘GenomicRanges’, ‘Biobase’, ‘IRanges’, ‘GenomeInfoDb’, ‘DelayedArray’, ‘pheatmap’, ‘WriteXLS’, ‘SummarizedExperiment’, ‘SingleCellExperiment’, ‘BiocGenerics’, ‘S4Vectors’

trying URL 'https://bioconductor.org/packages/3.14/bioc/src/contrib/zlibbioc_1.40.0.tar.gz'
Content type 'application/x-gzip' length 257409 bytes (251 KB)
==================================================
downloaded 251 KB

trying URL 'https://bioconductor.org/packages/3.14/bioc/src/contrib/XVector_0.34.0.tar.gz'
Content type 'application/x-gzip' length 67783 bytes (66 KB)
==================================================
downloaded 66 KB

trying URL 'https://bioconductor.org/packages/3.14/data/annotation/src/contrib/GenomeInfoDbData_1.2.7.tar.gz'
Content type 'application/x-gzip' length 11193674 bytes (10.7 MB)
==================================================
downloaded 10.7 MB

trying URL 'https://bioconductor.org/packages/3.14/bioc/src/contrib/MatrixGenerics_1.6.0.tar.gz'
Content type 'application/x-gzip' length 28270 bytes (27 KB)
==================================================
downloaded 27 KB

trying URL 'https://bioconductor.org/packages/3.14/bioc/src/contrib/GenomicRanges_1.46.1.tar.gz'
Content type 'application/x-gzip' length 1171939 bytes (1.1 MB)
==================================================
downloaded 1.1 MB

trying URL 'https://bioconductor.org/packages/3.14/bioc/src/contrib/Biobase_2.54.0.tar.gz'
Content type 'application/x-gzip' length 1641111 bytes (1.6 MB)
==================================================
downloaded 1.6 MB

trying URL 'https://bioconductor.org/packages/3.14/bioc/src/contrib/IRanges_2.28.0.tar.gz'
Content type 'application/x-gzip' length 455647 bytes (444 KB)
==================================================
downloaded 444 KB

trying URL 'https://bioconductor.org/packages/3.14/bioc/src/contrib/GenomeInfoDb_1.30.0.tar.gz'
Content type 'application/x-gzip' length 3457316 bytes (3.3 MB)
==================================================
downloaded 3.3 MB

trying URL 'https://bioconductor.org/packages/3.14/bioc/src/contrib/DelayedArray_0.20.0.tar.gz'
Content type 'application/x-gzip' length 676428 bytes (660 KB)
==================================================
downloaded 660 KB

trying URL 'https://cloud.r-project.org/src/contrib/pheatmap_1.0.12.tar.gz'
Content type 'application/x-gzip' length 15071 bytes (14 KB)
==================================================
downloaded 14 KB

trying URL 'https://cloud.r-project.org/src/contrib/WriteXLS_6.3.0.tar.gz'
Content type 'application/x-gzip' length 737920 bytes (720 KB)
==================================================
downloaded 720 KB

trying URL 'https://bioconductor.org/packages/3.14/bioc/src/contrib/SummarizedExperiment_1.24.0.tar.gz'
Content type 'application/x-gzip' length 1524667 bytes (1.5 MB)
==================================================
downloaded 1.5 MB

trying URL 'https://bioconductor.org/packages/3.14/bioc/src/contrib/SingleCellExperiment_1.16.0.tar.gz'
Content type 'application/x-gzip' length 938773 bytes (916 KB)
==================================================
downloaded 916 KB

trying URL 'https://bioconductor.org/packages/3.14/bioc/src/contrib/BiocGenerics_0.40.0.tar.gz'
Content type 'application/x-gzip' length 45969 bytes (44 KB)
==================================================
downloaded 44 KB

trying URL 'https://bioconductor.org/packages/3.14/bioc/src/contrib/S4Vectors_0.32.3.tar.gz'
Content type 'application/x-gzip' length 667251 bytes (651 KB)
==================================================
downloaded 651 KB

trying URL 'https://bioconductor.org/packages/3.14/bioc/src/contrib/BiocVersion_3.14.0.tar.gz'
Content type 'application/x-gzip' length 969 bytes
==================================================
downloaded 969 bytes

trying URL 'https://bioconductor.org/packages/3.14/bioc/src/contrib/SC3_1.22.0.tar.gz'
Content type 'application/x-gzip' length 3338990 bytes (3.2 MB)
==================================================
downloaded 3.2 MB

ERROR: failed to lock directory ‘/geode2/home/u060/mamalec/Carbonate/R/x86_64-pc-linux-gnu-library/4.1’ for modifying
Try removing ‘/geode2/home/u060/mamalec/Carbonate/R/x86_64-pc-linux-gnu-library/4.1/00LOCK-zlibbioc’
ERROR: failed to lock directory ‘/geode2/home/u060/mamalec/Carbonate/R/x86_64-pc-linux-gnu-library/4.1’ for modifying
Try removing ‘/geode2/home/u060/mamalec/Ca** testing if installed package can be loaded from temporary locationE** testing if installed package can be loaded from final location
** testing if installed package keeps a record of temporary installation path
* DONE (GenomeInfoDbData)
* installing *source* package ‘MatrixGenerics’ ...
** using staged installation
** R
** inst
** byte-compile and prepare package for lazy loading
** help
*** installing help indices
** building package indices
** testing if installed package can be loaded from temporary location
** testing if installed package can be loaded from final location
** testing if installed package keeps a record of temporary installation path
* DONE (MatrixGenerics)
* installing *source* package ‘pheatmap’ ...
** package ‘pheatmap’ successfully unpacked and MD5 sums checked
** using staged installation
** R
** byte-compile and prepare package for lazy loading
** help
*** installing help indices
** building package indices
** testing if installed package can be loaded from temporary location
** testing if installed package can be loaded from final location
** testing if installed package keeps a record of temporary installation path
* DONE (pheatmap)
* installing *source* package ‘WriteXLS’ ...
** package ‘WriteXLS’ successfully unpacked and MD5 sums checked
** using staged installation
** R
** inst
** byte-compile and prepare package for lazy loading
** help
*** installing help indices
** building package indices
** testing if installed package can be loaded from temporary location
** testing if installed package can be loaded from final location
** testing if installed package keeps a record of temporary installation path
* DONE (WriteXLS)
* installing *source* package ‘BiocGenerics’ ...
** using staged installation
** R
** inst
** byte-compile and prepare package for lazy loading
Creating a new generic function for ‘append’ in package ‘BiocGenerics’
Creating a new generic function for ‘as.data.frame’ in package ‘BiocGenerics’
Creating a new generic function for ‘cbind’ in package ‘BiocGenerics’
Creating a new generic function for ‘rbind’ in package ‘BiocGenerics’
Creating a new generic function for ‘do.call’ in package ‘BiocGenerics’
Creating a new generic function for ‘duplicated’ in package ‘BiocGenerics’
Creating a new generic function for ‘anyDuplicated’ in package ‘BiocGenerics’
Creating a new generic function for ‘eval’ in package ‘BiocGenerics’
Creating a new generic function for ‘pmax’ in package ‘BiocGenerics’
Creating a new generic function for ‘pmin’ in package ‘BiocGenerics’
Creating a new generic function for ‘pmax.int’ in package ‘BiocGenerics’
Creating a new generic function for ‘pmin.int’ in package ‘BiocGenerics’
Creating a new generic function for ‘Reduce’ in package ‘BiocGenerics’
Creating a new generic function for ‘Filter’ in package ‘BiocGenerics’
Creating a new generic function for ‘Find’ in package ‘BiocGenerics’
Creating a new generic function for ‘Map’ in package ‘BiocGenerics’
Creating a new generic function for ‘Position’ in package ‘BiocGenerics’
Creating a new generic function for ‘get’ in package ‘BiocGenerics’
Creating a new generic function for ‘mget’ in package ‘BiocGenerics’
Creating a new generic function for ‘grep’ in package ‘BiocGenerics’
Creating a new generic function for ‘grepl’ in package ‘BiocGenerics’
Creating a new generic function for ‘is.unsorted’ in package ‘BiocGenerics’
Creating a new generic function for ‘lapply’ in package ‘BiocGenerics’
Creating a new generic function for ‘sapply’ in package ‘BiocGenerics’
Creating a new generic function for ‘mapply’ in package ‘BiocGenerics’
Creating a new generic function for ‘match’ in package ‘BiocGenerics’
Creating a new generic function for ‘order’ in package ‘BiocGenerics’
Creating a new generic function for ‘paste’ in package ‘BiocGenerics’
Creating a new generic function for ‘rank’ in package ‘BiocGenerics’
Creating a new generic function for ‘rownames’ in packERROR: failed to lock directory ‘/geode2/home/u060/mamalec/Carbonate/R/x86_64-pc-linux-gnu-library/4.1’ for modifying
Try removing ‘/geode2/home/u060/mamalec/Carbonate/R/x86_64-pc-linux-gnu-library/4.1/00LOCK-S4Vectors’
ERROR: dependencies ‘BiocGenerics’, ‘S4Vectors’ are not available for package ‘IRanges’
* removing ‘/geode2/home/u060/mamalec/Carbonate/R/x86_64-pc-linux-gnu-library/4.1/IRanges’
ERROR: dependencies ‘BiocGenerics’, ‘S4Vectors’, ‘IRanges’ are not available for package ‘XVector’
* removing ‘/geode2/home/u060/mamalec/Carbonate/R/x86_64-pc-linux-gnu-library/4.1/XVector’
ERROR: dependencies ‘S4Vectors’, ‘IRanges’ are not available for package ‘GenomeInfoDb’
* removing ‘/geode2/home/u060/mamalec/Carbonate/R/x86_64-pc-linux-gnu-library/4.1/GenomeInfoDb’
ERROR: dependencies ‘S4Vectors’, ‘IRanges’ are not available for package ‘DelayedArray’
* removing ‘/geode2/home/u060/mamalec/Carbonate/R/x86_64-pc-linux-gnu-library/4.1/DelayedArray’
ERROR: dependencies ‘BiocGenerics’, ‘S4Vectors’, ‘IRanges’, ‘GenomeInfoDb’, ‘XVector’ are not available for package ‘GenomicRanges’
* removing ‘/geode2/home/u060/mamalec/Carbonate/R/x86_64-pc-linux-gnu-library/4.1/GenomicRanges’
ERROR: dependencies ‘GenomicRanges’, ‘Biobase’, ‘BiocGenerics’, ‘S4Vectors’, ‘IRanges’, ‘GenomeInfoDb’, ‘DelayedArray’ are not available for package ‘SummarizedExperiment’
* removing ‘/geode2/home/u060/mamalec/Carbonate/R/x86_64-pc-linux-gnu-library/4.1/SummarizedExperiment’
ERROR: dependencies ‘SummarizedExperiment’, ‘S4Vectors’, ‘BiocGenerics’, ‘GenomicRanges’, ‘DelayedArray’ are not available for package ‘SingleCellExperiment’
* removing ‘/geode2/home/u060/mamalec/Carbonate/R/x86_64-pc-linux-gnu-library/4.1/SingleCellExperiment’
ERROR: dependencies ‘SummarizedExperiment’, ‘SingleCellExperiment’, ‘BiocGenerics’, ‘S4Vectors’ are not available for package ‘SC3’
* removing ‘/geode2/home/u060/mamalec/Carbonate/R/x86_64-pc-linux-gnu-library/4.1/SC3’

The downloaded source packages are in
	‘/tmp/Rtmp0qdyx4/downloaded_packages’
Installation paths not writeable, unable to update packages
  path: /geode2/soft/hps/rhel7/r/4.1.1/lib64/R/library
  packages:
    ade4, akima, aRxiv, backports, brio, broom, bslib, car, cli, coin, conquer,
    corpcor, corrplot, cpp11, crayon, credentials, crosstalk, crul, data.table,
    deldir, dendextend, desc, deSolve, devtools, diffobj, digest, dimRed, drat,
    DT, dtplyr, e1071, emmeans, exactRankTests, excursions, fdrtool, fields,
    fitdistrplus, fs, future, gender, generics, geomorph, geosphere, gert,
    git2r, glmnet, glue, goftest, h2o, Hmisc, hms, htmlTable, igraph,
    influenceR, insight, irlba, keras, knitr, lattice, lfe, libcoin, lifecycle,
    lmtest, lubridate, manipulateWidget, maps, Matrix, matrixStats, mclust,
    memoise, memuse, meta, mgcv, mice, mime, mirt, misc3d, mitml, msm, mvtnorm,
    ngram, nimble, nloptr, parallelly, party, pbapply, pbdZMQ, phangorn,
    pillar, pkgbuild, pkgload, PKI, plotly, polycor, pracma, progressr, psych,
    qtl, R.utils, randomForestSRC, raster, rbibutils, rcmdcheck, RcppArmadillo,
    Rcsdp, RCurl, Rdpack, readr, recipes, remotes, reticulate, rex, rgl, rio,
    rJava, RJSONIO, rlang, rngtools, robust, robustbase, rootSolve,
  ERROR: dependencies ‘S4Vectors’, ‘IRanges’, ‘GenomeInfoDb’, ‘XVector’ are not available for package ‘GenomicRanges’
* removing ‘/geode2/home/u060/mamalec/Carbonate/R/x86_64-pc-linux-gnu-library/4.1/GenomicRanges’
ERROR: dependencies ‘GenomicRanges’, ‘Biobase’, ‘BiocGenerics’, ‘S4Vectors’, ‘IRanges’, ‘GenomeInfoDb’, ‘DelayedArray’ are not available for package ‘SummarizedExperiment’
* removing ‘/geode2/home/u060/mamalec/Carbonate/R/x86_64-pc-linux-gnu-library/4.1/SummarizedExperiment’
ERROR: dependencies ‘SummarizedExperiment’, ‘S4Vectors’, ‘BiocGenerics’, ‘GenomicRanges’, ‘DelayedArray’ are not available for package ‘SingleCellExperiment’
* removing ‘/geode2/home/u060/mamalec/Carbonate/R/x86_64-pc-linux-gnu-library/4.1/SingleCellExperiment’
ERROR: dependencies ‘SummarizedExperiment’, ‘SingleCellExperiment’, ‘BiocGenerics’, ‘S4Vectors’ are not available for package ‘SC3’
* removing ‘/geode2/home/u060/mamalec/Carbonate/R/x86_64-pc-linux-gnu-library/4.1/SC3’

The downloaded source packages are in
	‘/tmp/Rtmp8F2lB4/downloaded_packages’
Installation paths not writeable, unable to update packages
  path: /geode2/soft/hps/rhel7/r/4.1.1/lib64/R/library
  packages:
    ade4, akima, aRxiv, backports, brio, broom, bslib, car, cli, coin, conquer,
    corpcor, corrplot, cpp11, crayon, credentials, crosstalk, crul, data.table,
    deldir, dendextend, desc, deSolve, devtools, diffobj, digest, dimRed, drat,
    DT, dtplyr, e1071, emmeans, exactRankTests, excursions, fdrtool, fields,
    fitdistrplus, fs, future, gender, generics, geomorph, geosphere, gert,
    git2r, glmnet, glue, goftest, h2o, Hmisc, hms, htmlTable, igraph,
    influenceR, insight, irlba, keras, knitr, lattice, lfe, libcoin, lifecycle,
    lmtest, lubridate, manipulateWidget, maps, Matrix, matrixStats, mclust,
    memoise, memuse, meta, mgcv, mice, mime, mirt, misc3d, mitml, msm, mvtnorm,
    ngram, nimble, nloptr, parallelly, party, pbapply, pbdZMQ, phangorn,
    pillar, pkgbuild, pkgload, PKI, plotly, polycor, pracma, progressr, psych,
    qtl, R.utils, randomForestSRC, raster, rbibutils, rcmdcheck, RcppArmadillo,
    Rcsdp, RCurl, Rdpack, readr, recipes, remotes, reticulate, rex, rgl, rio,
    rJava, RJSONIO, rlang, rngtools, robust, robustbase, rootSolve,
    RPostgreSQL, rrcov, RRPP, RSclient, rsconnect, runner, rvest, Rwave, s2,
    satellite, sessioninfo, SeuratObject, shiny, sirt, sitmo, sjmisc, slam, sn,
    snow, sp, sparklyr, spatstat, spatstat.core, spatstat.geom,
    spatstat.linnet, spatstat.utils, spData, stopwords, stringi, systemfonts,
    tensorflow, testthat, tfautograph, TH.data, tibble, tidyr, tidytext,
    tinytex, TMB, tsna, TTR, tzdb, usethis, uuid, uwot, V8, viridis,
    visNetwork, vroom, withr, xfun, XML, xml2
There were 11 warnings (use warnings() to see them)
>   install.packages("./SC3", repos = NULL, type = "source")
Installing package into ‘/geode2/home/u060/mamalec/Carbonate/R/x86_64-pc-linux-gnu-library/4.1’
(as ‘lib’ is unspecified)
ERROR: dependencies ‘SummarizedExperiment’, ‘SingleCellExperiment’, ‘BiocGenerics’, ‘S4Vectors’ are not available for package ‘SC3’
* removing ‘/geode2/home/u060/mamalec/Carbonate/R/x86_64-pc-linux-gnu-library/4.1/SC3’
Warning message:
In install.packages("./SC3", repos = NULL, type = "source") :
  installation of package ‘./SC3’ had non-zero exit status
> if (!requireNamespace("mclust", quietly = TRUE))
+   install.packages("mclust")
> if (!requireNamespace("Rtsne", quietly = TRUE))
+   install.packages("Rtsne")
> if (!requireNamespace("mclust", quietly = TRUE))
+   install.packages("BiocManager")
> if (!requireNamespace("mclust", quietly = TRUE))
+   install.packages("BiocManager")
> if (!requireNamespace("SummarizedExperiment", quietly = TRUE))
+   BiocManager::install("SummarizedExperiment")
Bioconductor version 3.14 (BiocManager 1.30.16), R 4.1.1 (2021-08-10)
Installing package(s) 'SummarizedExperiment'
also installing the dependencies ‘XVector’, ‘GenomicRanges’, ‘Biobase’, ‘BiocGenerics’, ‘S4Vectors’, ‘IRanges’, ‘GenomeInfoDb’, ‘DelayedArray’

trying URL 'https://bioconductor.org/packages/3.14/bioc/src/contrib/XVector_0.34.0.tar.gz'
Content type 'application/x-gzip' length 67783 bytes (66 KB)
==================================================
downloaded 66 KB

trying URL 'https://bioconductor.org/packages/3.14/bioc/src/contrib/GenomicRanges_1.46.1.tar.gz'
Content type 'application/x-gzip' length 1171939 bytes (1.1 MB)
==================================================
downloaded 1.1 MB

trying URL 'https://bioconductor.org/packages/3.14/bioc/src/contrib/Biobase_2.54.0.tar.gz'
Content type 'application/x-gzip' length 1641111 bytes (1.6 MB)
==================================================
downloaded 1.6 MB

trying URL 'https://bioconductor.org/packages/3.14/bioc/src/contrib/BiocGenerics_0.40.0.tar.gz'
Content type 'application/x-gzip' length 45969 bytes (44 KB)
==================================================
downloaded 44 KB

trying URL 'https://bioconductor.org/packages/3.14/bioc/src/contrib/S4Vectors_0.32.3.tar.gz'
Content type 'application/x-gzip' length 667251 bytes (651 KB)
==================================================
downloaded 651 KB

trying URL 'https://bioconductor.org/packages/3.14/bioc/src/contrib/IRanges_2.28.0.tar.gz'
Content type 'application/x-gzip' length 455647 bytes (444 KB)
==================================================
downloaded 444 KB

trying URL 'https://bioconductor.org/packages/3.14/bioc/src/contrib/GenomeInfoDb_1.30.0.tar.gz'
Content type 'application/x-gzip' length 3457316 bytes (3.3 MB)
==================================================
downloaded 3.3 MB

trying URL 'https://bioconductor.org/packages/3.14/bioc/src/contrib/DelayedArray_0.20.0.tar.gz'
Content type 'application/x-gzip' length 676428 bytes (660 KB)
==================================================
downloaded 660 KB

trying URL 'https://bioconductor.org/packages/3.14/bioc/src/contrib/SummarizedExperiment_1.24.0.tar.gz'
Content type 'application/x-gzip' length 1524667 bytes (1.5 MB)
==================================================
downloaded 1.5 MB

ERROR: failed to lock directory ‘/geode2/home/u060/mamalec/Carbonate/R/x86_64-pc-linux-gnu-library/4.1’ for modifying
Try removing ‘/geode2/home/u060/mamalec/Carbonate/R/x86_64-pc-linux-gnu-library/4.1/00LOCK-BiocGenerics’
ERROR: dependency ‘BiocGenerics’ is not available for package ‘Biobase’
* removing ‘/geode2/home/u060/mamalec/Carbonate/R/x86_64-pc-linux-gnu-library/4.1/Biobase’
ERROR: failed to lock directory ‘/geode2/home/u060/mamalec/Carbonate/R/x86_64-pc-linux-gnu-library/4.1’ for modifying
Try removing ‘/geode2/home/u060/mamalec/Carbonate/R/x86_64-pc-linux-gnu-library/4.1/00LOCK-S4Vectors’
ERROR: dependencies ‘BiocGenerics’, ‘S4Vectors’ are not available for package ‘IRanges’
* removing ‘/geode2/home/u060/mamalec/Carbonate/R/x86_64-pc-linux-gnu-library/4.1/IRanges’
ERROR: failed to lock directory ‘/geode2/home/u060/mamalec/Carbonate/R/x86_64-pc-linux-gnu-library/4.1’ for modifying
Try removing ‘/geode2/home/u060/mamalec/Carbonate/R/x86_64-pc-linux-gnu-library/4.1/00LOCK-XVector’
ERROR: dependencies ‘S4Vectors’, ‘IRanges’ are not available for package ‘GenomeInfoDb’
* removing ‘/geode2/home/u060/mamalec/Carbonate/R/x86_64-pc-linux-gnu-library/4.1/GenomeInfoDb’
ERROR: dependencies ‘BiocGenerics’, ‘S4Vectors’, ‘IRanges’ are not available for package ‘DelayedArray’
* removing ‘/geode2/home/u060/mamalec/Carbonate/R/x86_64-pc-linux-gnu-library/4.1/DelayedArray’
ERROR: dependencies ‘BiocGenerics’, ‘S4Vectors’, ‘IRanges’, ‘GenomeInfoDb’, ‘XVector’ are not available for package ‘GenomicRanges’
* removing ‘/geode2/home/u060/mamalec/Carbonate/R/x86_64-pc-linux-gnu-library/4.1/GenomicRanges’
ERROR: dependencies ‘GenomicRanges’, ‘Biobase’, ‘BiocGenerics’, ‘S4Vectors’, ‘IRanges’, ‘GenomeInfoDb’, ‘DelayedArray’ are not available for package ‘SummarizedExperiment’
* removing ‘/geode2/home/u060/mamalec/Carbonate/R/x86_64-pc-linux-gnu-library/4.1/SummarizedExperiment’

The downloaded source packages are in
	‘/tmp/Rtmp8F2lB4/downloaded_packages’
Installation paths not writeable, unable to update packages
  path: /geode2/soft/hps/rhel7/r/4.1.1/lib64/R/library
  packages:
    ade4, akima, aRxiv, backports, brio, broom, bslib, car, cli, coin, conquer,
    corpcor, corrplot, cpp11, crayon, credentials, crosstalk, crul, data.table,
    deldir, dendextend, desc, deSolve, devtools, diffobj, digest, dimRed, drat,
    DT, dtplyr, e1071, emmeans, exactRankTests, excursions, fdrtool, fields,
    fitdistrplus, fs, future, gender, generics, geomorph, geosphere, gert,
    git2r, glmnet, glue, goftest, h2o, Hmisc, hms, htmlTable, igraph,
    influenceR, insight, irlba, keras, knitr, lattice, lfe, libcoin, lifecycle,
    lmtest, lubridate, manipulateWidget, maps, Matrix, matrixStats, mclust,
    memoise, memuse, meta, mgcv, mice, mime, mirt, misc3d, mitml, msm, mvtnorm,
    ngram, nimble, nloptr, parallelly, party, pbapply, pbdZMQ, phangorn,
    pillar, pkgbuild, pkgload, PKI, plotly, polycor, pracma, progressr, psych,
    qtl, R.utils, randomForestSRC, raster, rbibutils, rcmdcheck, RcppArmadillo,
    Rcsdp, RCurl, Rdpack, readr, recipes, remotes, reticulate, rex, rgl, rio,
    rJava, RJSONIO, rlang, rngtools, robust, robustbase, rootSolve,
    RPostgreSQL, rrcov, RRPP, RSclient, rsconnect, runner, rvest, Rwave, s2,
    satellite, sessioninfo, SeuratObject, shiny, sirt, sitmo, sjmisc, slam, sn,
    snow, sp, sparklyr, spatstat, spatstat.core, spatstat.geom,
    spatstat.linnet, spatstat.utils, spData, stopwords, stringi, systemfonts,
    tensorflow, testthat, tfautograph, TH.data, tibble, tidyr, tidytext,
    tinytex, TMB, tsna, TTR, tzdb, usethis, uuid, uwot, V8, viridis,
    visNetwork, vroom, withr, xfun, XML, xml2
Warning messages:
1: In .inet_warning(msg) :
  installation of package ‘BiocGenerics’ had non-zero exit status
2: In .inet_warning(msg) :
  installation of package ‘Biobase’ had non-zero exit status
3: In .inet_warning(msg) :
  installation of package ‘S4Vectors’ had non-zero exit status
4: In .inet_warning(msg) :
  installation of package ‘IRanges’ had non-zero exit status
5: In .inet_warning(msg) :
  installation of package ‘XVector’ had non-zero exit status
6: In .inet_warning(msg) :
  installation of package ‘GenomeInfoDb’ had non-zero exit status
7: In .inet_warning(msg) :
  installation of package ‘DelayedArray’ had non-zero exit status
8: In .inet_warning(msg) :
  installation of package ‘GenomicRanges’ had non-zero exit status
9: In .inet_warning(msg) :
  installation of package ‘SummarizedExperiment’ had non-zero exit status
> if (!requireNamespace("SingleCellExperiment", quietly = TRUE))
+   BiocManager::install("SingleCellExperiment")
Bioconductor version 3.14 (BiocManager 1.30.16), R 4.1.1 (2021-08-10)
Installing package(s) 'SingleCellExperiment'
also installing the dependencies ‘Biobase’, ‘IRanges’, ‘GenomeInfoDb’, ‘XVector’, ‘SummarizedExperiment’, ‘S4Vectors’, ‘GenomicRanges’, ‘DelayedArray’

trying URL 'https://bioconductor.org/packages/3.14/bioc/src/contrib/Biobase_2.54.0.tar.gz'
Content type 'application/x-gzip' length 1641111 bytes (1.6 MB)
==================================================
downloaded 1.6 MB

trying URL 'https://bioconductor.org/packages/3.14/bioc/src/contrib/IRanges_2.28.0.tar.gz'
Content type 'application/x-gzip' length 455647 bytes (444 KB)
==================================================
downloaded 444 KB

trying URL 'https://bioconductor.org/packages/3.14/bioc/src/contrib/GenomeInfoDb_1.30.0.tar.gz'
Content type 'application/x-gzip' length 3457316 bytes (3.3 MB)
==================================================
downloaded 3.3 MB

trying URL 'https://bioconductor.org/packages/3.14/bioc/src/contrib/XVector_0.34.0.tar.gz'
Content type 'application/x-gzip' length 67783 bytes (66 KB)
==================================================
downloaded 66 KB

trying URL 'https://bioconductor.org/packages/3.14/bioc/src/contrib/SummarizedExperiment_1.24.0.tar.gz'
Content type 'application/x-gzip' length 1524667 bytes (1.5 MB)
==================================================
downloaded 1.5 MB

trying URL 'https://bioconductor.org/packages/3.14/bioc/src/contrib/S4Vectors_0.32.3.tar.gz'
Content type 'application/x-gzip' length 667251 bytes (651 KB)
==================================================
downloaded 651 KB

trying URL 'https://bioconductor.org/packages/3.14/bioc/src/contrib/GenomicRanges_1.46.1.tar.gz'
Content type 'application/x-gzip' length 1171939 bytes (1.1 MB)
==================================================
downloaded 1.1 MB

trying URL 'https://bioconductor.org/packages/3.14/bioc/src/contrib/DelayedArray_0.20.0.tar.gz'
Content type 'application/x-gzip' length 676428 bytes (660 KB)
==================================================
downloaded 660 KB

trying URL 'https://bioconductor.org/packages/3.14/bioc/src/contrib/SingleCellExperiment_1.16.0.tar.gz'
Content type 'application/x-gzip' length 938773 bytes (916 KB)
==================================================
downloaded 916 KB

ERROR: failed to lock directory ‘/geode2/home/u060/mamalec/Carbonate/R/x86_64-pc-linux-gnu-library/4.1’ for modifying
Try removing ‘/geode2/home/u060/mamalec/Carbonate/R/x86_64-pc-linux-gnu-library/4.1/00LOCK-Biobase’
ERROR: failed to lock directory ‘/geode2/home/u060/mamalec/Carbonate/R/x86_64-pc-linux-gnu-library/4.1’ for modifying
Try removing ‘/geode2/home/u060/mamalec/Carbonate/R/x86_64-pc-linux-gnu-library/4.1/00LOCK-S4Vectors’
ERROR: dependency ‘S4Vectors’ is not available for package ‘IRanges’
* removing ‘/geode2/home/u060/mamalec/Carbonate/R/x86_64-pc-linux-gnu-library/4.1/IRanges’
ERROR: dependencies ‘S4Vectors’, ‘IRanges’ are not available for package ‘GenomeInfoDb’
* removing ‘/geode2/home/u060/mamalec/Carbonate/R/x86_64-pc-linux-gnu-library/4.1/GenomeInfoDb’
ERROR: dependencies ‘S4Vectors’, ‘IRanges’ are not available for package ‘XVector’
* removing ‘/geode2/home/u060/mamalec/Carbonate/R/x86_64-pc-linux-gnu-library/4.1/XVector’
ERROR: dependencies ‘S4Vectors’, ‘IRanges’ are not available for package ‘DelayedArray’
* removing ‘/geode2/home/u060/mamalec/Carbonate/R/x86_64-pc-linux-gnu-library/4.1/DelayedArray’
ERROR: dependencies ‘S4Vectors’, ‘IRanges’, ‘GenomeInfoDb’, ‘XVector’ are not available for package ‘GenomicRanges’
* removing ‘/geode2/home/u060/mamalec/Carbonate/R/x86_64-pc-linux-gnu-library/4.1/GenomicRanges’
ERROR: dependencies ‘GenomicRanges’, ‘Biobase’, ‘S4Vectors’, ‘IRanges’, ‘GenomeInfoDb’, ‘DelayedArray’ are not available for package ‘SummarizedExperiment’
* removing ‘/geode2/home/u060/mamalec/Carbonate/R/x86_64-pc-linux-gnu-library/4.1/SummarizedExperiment’
ERROR: dependencies ‘SummarizedExperiment’, ‘S4Vectors’, ‘GenomicRanges’, ‘DelayedArray’ are not available for package ‘SingleCellExperiment’
* removing ‘/geode2/home/u060/mamalec/Carbonate/R/x86_64-pc-linux-gnu-library/4.1/SingleCellExperiment’

The downloaded source packages are in
	‘/tmp/Rtmp8F2lB4/downloaded_packages’
Installation paths not writeable, unable to update packages
  path: /geode2/soft/hps/rhel7/r/4.1.1/lib64/R/library
  packages:
    ade4, akima, aRxiv, backports, brio, broom, bslib, car, cli, coin, conquer,
    corpcor, corrplot, cpp11, crayon, credentials, crosstalk, crul, data.table,
    deldir, dendextend, desc, deSolve, devtools, diffobj, digest, dimRed, drat,
    DT, dtplyr, e1071, emmeans, exactRankTests, excursions, fdrtool, fields,
    fitdistrplus, fs, future, gender, generics, geomorph, geosphere, gert,
    git2r, glmnet, glue, goftest, h2o, Hmisc, hms, htmlTable, igraph,
    influenceR, insight, irlba, keras, knitr, lattice, lfe, libcoin, lifecycle,
    lmtest, lubridate, manipulateWidget, maps, Matrix, matrixStats, mclust,
    memoise, memuse, meta, mgcv, mice, mime, mirt, misc3d, mitml, msm, mvtnorm,
    ngram, nimble, nloptr, parallelly, party, pbapply, pbdZMQ, phangorn,
    pillar, pkgbuild, pkgload, PKI, plotly, polycor, pracma, progressr, psych,
    qtl, R.utils, randomForestSRC, raster, rbibutils, rcmdcheck, RcppArmadillo,
    Rcsdp, RCurl, Rdpack, readr, recipes, remotes, reticulate, rex, rgl, rio,
    rJava, RJSONIO, rlang, rngtools, robust, robustbase, rootSolve,
    RPostgreSQL, rrcov, RRPP, RSclient, rsconnect, runner, rvest, Rwave, s2,
    satellite, sessioninfo, SeuratObject, shiny, sirt, sitmo, sjmisc, slam, sn,
    snow, sp, sparklyr, spatstat, spatstat.core, spatstat.geom,
    spatstat.linnet, spatstat.utils, spData, stopwords, stringi, systemfonts,
    tensorflow, testthat, tfautograph, TH.data, tibble, tidyr, tidytext,
    tinytex, TMB, tsna, TTR, tzdb, usethis, uuid, uwot, V8, viridis,
    visNetwork, vroom, withr, xfun, XML, xml2
Warning messages:
1: In .inet_warning(msg) :
  installation of package ‘Biobase’ had non-zero exit status
2: In .inet_warning(msg) :
  installation of package ‘S4Vectors’ had non-zero exit status
3: In .inet_warning(msg) :
  installation of package ‘IRanges’ had non-zero exit status
4: In .inet_warning(msg) :
  installation of package ‘GenomeInfoDb’ had non-zero exit status
5: In .inet_warning(msg) :
  installation of package ‘XVector’ had non-zero exit status
6: In .inet_warning(msg) :
  installation of package ‘DelayedArray’ had non-zero exit status
7: In .inet_warning(msg) :
  installation of package ‘GenomicRanges’ had non-zero exit status
8: In .inet_warning(msg) :
  installation of package ‘SummarizedExperiment’ had non-zero exit status
9: In .inet_warning(msg) :
  installation of package ‘SingleCellExperiment’ had non-zero exit status
> if (!requireNamespace("stats", quietly = TRUE))
+   install.packages("stats")
> if (!requireNamespace("Rcpp", quietly = TRUE))
+   install.packages("Rcpp")
> if (!requireNamespace("cluster", quietly = TRUE))
+   install.packages("cluster")
> 
> library(mclust)
Package 'mclust' version 5.4.7
Type 'citation("mclust")' for citing this R package in publications.
> library(Rtsne)
> library(SummarizedExperiment)
Error in library(SummarizedExperiment) : 
  there is no package called ‘SummarizedExperiment’
Execution halted
arizedExperiment’
Execution halted
re2/10.34/include -I/usr/include  -c SEXP_utils.c -o SEXP_utils.o
icc -I"/N/soft/rhel7/r/4.1.1/lib64/R/include" -DNDEBUG   -I/N/soft/rhel7/pcre2/10.34/include   -fpic  -I/N/soft/rhel7/zlib/gnu/1.2.11/include -I/N/soft/rhel7/bzip2/1.0.6/include -I/N/soft/rhel7/xz/5.2.3/include -I/N/soft/rhel7/pcre2/10.34/include -I/usr/include  -c SimpleList_class.c -o SimpleList_class.o
icc -I"/N/soft/rhel7/r/4.1.1/lib64/R/include" -DNDEBUG   -I/N/soft/rhel7/pcre2/10.34/include   -fpic  -I/N/soft/rhel7/zlib/gnu/1.2.11/include -I/N/soft/rhel7/bzip2/1.0.6/include -I/N/soft/rhel7/xz/5.2.3/include -I/N/soft/rhel7/pcre2/10.34/include -I/usr/include  -c anyMissing.c -o anyMissing.o
icc -I"/N/soft/rhel7/r/4.1.1/lib64/R/include" -DNDEBUG   -I/N/soft/rhel7/pcre2/10.34/include   -fpic  -I/N/soft/rhel7/zlib/gnu/1.2.11/include -I/N/soft/rhel7/bzip2/1.0.6/include -I/N/soft/rhel7/xz/5.2.3/include -I/N/soft/rhel7/pcre2/10.34/include -I/usr/include  -c character_utils.c -o character_utils.o
icc -I"/N/soft/rhel7/r/4.1.1/lib64/R/include" -DNDEBUG   -I/N/soft/rhel7/pcre2/10.34/include   -fpic  -I/N/soft/rhel7/zlib/gnu/1.2.11/include -I/N/soft/rhel7/bzip2/1.0.6/include -I/N/soft/rhel7/xz/5.2.3** help
*** installing help indices
** building package indices
** installing vignettes
** testing if installed package can be loaded from temporary location
** checking absolute paths in shared objects and dynamic libraries
** testing if installed package can be loaded from final location
** testing if installed package keeps a record of temporary installation path
* DONE (Biobase)
ERROR: failed to lock directory ‘/geode2/home/u060/mamalec/Carbonate/R/x86_64-pc-linux-gnu-library/4.1’ for modifying
Try removing ‘/geode2/home/u060/mamalec/Carbonate/R/x86_64-pc-linux-gnu-library/4.1/00LOCK-S4Vectors’
ERROR: dependency ‘S4Vectors’ is not available for package ‘IRanges’
* removing ‘/geode2/home/u060/mamalec/Carbonate/R/x86_64-pc-linux-gnu-library/4.1/IRanges’
ERROR: dependencies ‘S4Vectors’, ‘IRanges’ are not available for package ‘GenomeInfoDb’
* removing ‘/geode2/home/u060/mamalec/Carbonate/R/x86_64-pc-linux-gnu-library/4.1/GenomeInfoDb’
ERROR: dependencies ‘S4Vectors’, ‘IRanges’ are not available for package ‘XVector’
* removing ‘/geode2/home/u060/mamalec/Carbonate/R/x86_64-pc-linux-gnu-library/4.1/XVector’
ERROR: dependencies ‘S4Vectors’, ‘IRanges’ are not available for package ‘DelayedArray’
* removing ‘/geode2/home/u060/mamalec/Carbonate/R/x86_64-pc-linux-gnu-library/4.1/DelayedArray’
ERROR: dependencies ‘S4Vectors’, ‘IRanges’, ‘GenomeInfoDb’, ‘XVector’ are not available for package ‘GenomicRanges’
* removing ‘/geode2/home/u060/mamalec/Carbonate/R/x86_64-pc-linux-gnu-library/4.1/GenomicRanges’
ERROR: dependencies ‘GenomicRanges’, ‘S4Vectors’, ‘IRanges’, ‘GenomeInfoDb’, ‘DelayedArray’ are not available for package ‘SummarizedExperiment’
* removing ‘/geode2/home/u060/mamalec/Carbonate/R/x86_64-pc-linux-gnu-library/4.1/SummarizedExperiment’
ERROR: dependencies ‘SummarizedExperiment’, ‘S4Vectors’, ‘GenomicRanges’, ‘DelayedArray’ are not available for package ‘SingleCellExperiment’
* removing ‘/geode2/home/u060/mamalec/Carbonate/R/x86_64-pc-linux-gnu-library/4.1/SingleCellExperiment’

The downloaded source packages are in
	‘/tmp/RtmpmDrBx4/downloaded_packages’
Installation paths not writeable, unable to update packages
  path: /geode2/soft/hps/rhel7/r/4.1.1/lib64/R/library
  packages:
    ade4, akima, aRxiv, backports, brio, broom, bslib, car, cli, coin, conquer,
    corpcor, corrplot, cpp11, crayon, credentials, crosstalk, crul, data.table,
    deldir, dendextend, desc, deSolve, devtools, diffobj, digest, dimRed, drat,
    DT, dtplyr, e1071, emmeans, exactRankTests, excursions, fdrtool, fields,
    fitdistrplus, fs, future, gender, generics, geomorph, geosphere, gert,
    git2r, glmnet, glue, goftest, h2o, Hmisc, hms, htmlTable, igraph,
    influenceR, insight, irlba, keras, knitr, lattice, lfe, libcoin, lifecycle,
    lmtest, lubridate, manipulateWidget, maps, Matrix, matrixStats, mclust,
    memoise, memuse, meta, mgcv, mice, mime, mirt, misc3d, mitml, msm, mvtnorm,
    ngram, nimble, nloptr, parallelly, party, pbapply, pbdZMQ, phangorn,
    pillar, pkgbuild, pkgload, PKI, plotly, polycor, pracma, progressr, psych,
    qtl, R.utils, randomForestSRC, raster, rbibutils, rcmdcheck, RcppArmadillo,
    Rcsdp, RCurl, Rdpack, readr, recipes, remotes, reticulate, rex, rgl, rio,
    rJava, RJSONIO, rlang, rngtools, robust, robustbase, rootSolve,
    RPostgreSQL, rrcov, RRPP, RSclient, rsconnect, runner, rvest, Rwave, s2,
    satellite, sessioninfo, SeuratObject, shiny, sirt, siin method for ‘normalizeSingleBracketReplacementValue’ with signature ‘"List"’: no definition for class “List”
Creating a new generic function for ‘unname’ in package ‘S4Vectors’
Creating a new generic function for ‘expand.grid’ in package ‘S4Vectors’
Creating a new generic function for ‘findMatches’ in package ‘S4Vectors’
Creating a generic function for ‘setequal’ from package ‘base’ in package ‘S4Vectors’
in method for ‘coerce’ with signature ‘"Hits","DFrame"’: no definition for class “DFrame”
Creating a generic function for ‘as.factor’ from package ‘base’ in package ‘S4Vectors’
Creating a generic function for ‘tabulate’ from package ‘base’ in package ‘S4Vectors’
Creating a generic function for ‘cov’ from package ‘stats’ in package ‘S4Vectors’
Creating a generic function for ‘cor’ from package ‘stats’ in package ‘S4Vectors’
Creating a generic function for ‘smoothEnds’ from package ‘stats’ in package ‘S4Vectors’
Creating a generic function for ‘runmed’ from package ‘stats’ in package ‘S4Vectors’
Creating a generic function for ‘nchar’ from package ‘base’ in package ‘S4Vectors’
Creating a generic function for ‘substr’ from package ‘base’ in package ‘S4Vectors’
Creating a generic function for ‘substring’ from package ‘base’ in package ‘S4Vectors’
Creating a generic function for ‘chartr’ from package ‘base’ in package ‘S4Vectors’
Creating a generic function for ‘tolower’ from package ‘base’ in package ‘S4Vectors’
Creating a generic function for ‘toupper’ from package ‘base’ in package ‘S4Vectors’
Creating a generic function for ‘sub’ from package ‘base’ in package ‘S4Vectors’
Creating a generic function for ‘gsub’ from package ‘base’ in package ‘S4Vectors’
Creating a generic function for ‘nlevels’ from package ‘base’ in package ‘S4Vectors’
in method for ‘coerce’ with signature ‘"data.table","DFrame"’: no definition for class “data.table”
Creating a generic function for ‘complete.cases’ from package ‘stats’ in package ‘S4Vectors’
** help
*** installing help indices
** building package indices
** installing vignettes
** testing if installed package can be loaded from temporary location
** checking absolute paths in shared objects and dynamic libraries
** testing if installed package can be loaded from final location
** testing if installed package keeps a record of temporary installation path
* DONE (S4Vectors)
* installing *source* package ‘IRanges’ ...
** using staged installation
** libs
icc -I"/N/soft/rhel7/r/4.1.1/lib64/R/include" -DNDEBUG  -I'/geode2/home/u060/mamalec/Carbonate/R/x86_64-pc-linux-gnu-library/4.1/S4Vectors/include' -I/N/soft/rhel7/pcre2/10.34/include   -fpic  -I/N/soft/rhel7/zlib/gnu/1.2.11/include -I/N/soft/rhel7/bzip2/1.0.6/include -I/N/soft/rhel7/xz/5.2.3/include -I/N/soft/rhel7/pcre2/10.34/include -I/usr/include  -c CompressedAtomicList_utils.c -o CompressedAtomicList_utils.o
icc -I"/N/soft/rhel7/r/4.1.1/lib64/R/include" -DNDEBUG  -I'/geode2/home/u060/mamalec/Carbonate/R/x86_64-pc-linux-gnu-library/4.1/S4Vectors/include' -I/N/soft/rhel7/pcre2/10.34/include   -fpic  -I/N/soft/rhel7/zlib/gnu/1.2.11/include -I/N/soft/rhel7/bzip2/1.0.6/include -I/N/soft/rhel7/xz/5.2.3/include -I/N/soft/rhel7/pcre2/10.34/include -I/usr/include  -c CompressedIRangesList_class.c -o CompressedIRangesList_class.o
icc -I"/N/soft/rhel7/r/4.1.1/lib64/R/include" -DNDEBUG  -I'/geode2/home/u060/mamalec/Carbonate/R/x86_64-pc-linux-gnu-library/4.1/S4Vectors/include' -I/N/soft/rhel7/pcre2/10.34/include   -fpic  -I/N/soft/rhel7/zlib/gnu/1.2.11/include -I/N/soft/rhel7/bzip2/1.0.6/include -I/N/soft/rhel7/xz/5.2.3/include -I/N/soft/rhel7/pcre2/10.34/include -I/usr/include  -c CompressedList_class.c -o CompressedList_class.o
icc -I"/N/soft/rhel7/r/4.1.1/lib64/R/include" -DNDEBUG  -I'/geode2/home/u060/mamalec/Carbonate/R/x86_64-pc-linux-gnu-library/4.1/S4Vectors/include' -I/N/soft/rhel7/pcre2/10.34/include   -fpic  -I/N/soft/rhel7/zlib/gnu/1.2.11/include -I/N/soft/rhel7/bzip2/1.0.6/include -I/N/soft/rhel7/xz/5.2.3/include -I/N/soft/rhel7/pcre2/10.34/include -I/usr/include  -c Grouping_class.c -o Grouping_class.o
icc -I"/N/soft/rhel7/r/4.1.1/lib64/R/include" -DNDEBUG  -I'/geode2/home/u060/mamalec/Carbonate/R/x86_64-pc-linux-gnu-library/4.1/S4Vectors/include' -I/N/soft/rhel7/pcre2/10.34/include   -fpic  -I/N/soft/rhel7/zlib/gnu/1.2.11/include -I/N/soft/rhel7/bzip2/1.0.6/include -I/N/soft/rhel7/xz/5.2.3/include -I/N/soft/rhel7/pcre2/10.34/include -I/usr/include  -c IPosRanges_comparison.c -o IPosRanges_comparison.o
icc -I"/N/soft/rhel7/r/4.1.1/lib64/R/include" -DNDEBUG  -I'/geode2/home/u060/mamalec/Carbonate/R/x86_64-pc-linux-gnu-library/4.1/S4Vectors/include' -I/N/soft/rhel7/pcre2/10.34/include   -fpic  -I/N/soft/rhel7/zlib/gnu/1.2.11/include -I/N/soft/rhel7/bzip2/1.0.6/include -I/N/soft/rhel7/xz/5.2.3/include -I/N/soft/rhel7/pcre2/10.34/include -I/usr/include  -c IRanges_class.c -o IRanges_class.o
icc -I"/N/soft/rhel7/r/4.1.1/lib64/R/include" -DNDEBUG  -I'/geode2/home/u060/mamalec/Carbonate/R/x86_64-pc-linux-gnu-library/4.1/S4Vectors/include' -I/N/soft/rhel7/pcre2/10.34/include   -fpic  -I/N/soft/rhel7/zlib/gnu/1.2.11/include -I/N/soft/rhel7/bzip2/1.0.6/include -I/N/soft/rhel7/xz/5.2.3/include -I/N/soft/rhel7/pcre2/10.34/include -I/usr/include  -c IRanges_constructor.c -o IRanges_constructor.o
icc -I"/N/soft/rhel7/r/4.1.1/lib64/R/include" -DNDEBUG  -I'/geode2/home/u060/mamalec/Carbonate/R/x86_64-pc-linux-gnu-library/4.1/S4Vectors/include' -I/N/soft/rhel7/pcre2/10.34/include   -fpic  -I/N/soft/rhel7/zlib/gnu/1.2.11/include -I/N/soft/rhel7/bzip2/1.0.6/include -I/N/soft/rhel7/xz/5.2.3/include -I/N/soft/rhel7/pcre2/10.34/include -I/usr/include  -c NCList.c -o NCList.o
icc -I"/N/soft/rhel7/r/4.1.1/lib64/R/include" -DNDEBUG  -I'/geode2/home/u060/mamalec/Carbonate/R/x86_64-pc-linux-gnu-library/4.1/S4Vectors/include' -I/N/soft/rhel7/pcre2/10.34/include   -fpic  -I/N/soft/rhel7/zlib/gnu/1.2.11/include -I/N/soft/rhel7/bzip2/1.0.6/include -I/N/soft/rhel7/xz/5.2.3/include -I/N/soft/rhel7/pcre2/10.34/include -I/usr/include  -c R_init_IRanges.c -o R_init_IRanges.o
icc -I"/N/soft/rhel7/r/4.1.1/lib64/R/include" -DNDEBUG  -I'/geode2/home/u060/mamalec/Carbonate/R/x86_64-pc-linux-gnu-library/4.1/S4Vectors/include' -I/N/soft/rhel7/pcre2/10.34/include   -fpic  -I/N/soft/rhel7/zlib/gnu/1.2.11/include -I/N/soft/rhel7/bzip2/1.0.6/include -I/N/soft/rhel7/xz/5.2.3/include -I/N/soft/rhel7/pcre2/10.34/include -I/usr/include  -c Ranges_class.c -o Ranges_class.o
icc -I"/N/soft/rhel7/r/4.1.1/lib64/R/include" -DNDEBUG  -I'/geode2/home/u060/mamalec/Carbonate/R/x86_64-pc-linux-gnu-library/4.1/S4Vectors/include' -I/N/soft/rhel7/pcre2/10.34/include   -fpic  -I/N/soft/rhel7/zlib/gnu/1.2.11/include -I/N/soft/rhel7/bzip2/1.0.6/include -I/N/soft/rhel7/xz/5.2.3/include -I/N/soft/rhel7/pcre2/10.34/include -I/usr/include  -c RleViews_utils.c -o RleViews_utils.o
icc -I"/N/soft/rhel7/r/4.1.1/lib64/R/include" -DNDEBUG  -I'/geode2/home/u060/mamalec/Carbonate/R/x86_64-pc-linux-gnu-library/4.1/S4Vectors/include' -I/N/soft/rhel7/pcre2/10.34/include   -fpic  -I/N/soft/rhel7/zlib/gnu/1.2.11/include -I/N/soft/rhel7/bzip2/1.0.6/include -I/N/soft/rhel7/xz/5.2.3/include -I/N/soft/rhel7/pcre2/10.34/include -I/usr/include  -c S4Vectors_stubs.c -o S4Vectors_stubs.o
icc -I"/N/soft/rhel7/r/4.1.1/lib64/R/include" -DNDEBUG  -I'/geode2/home/u060/mamalec/Carbonate/R/x86_64-pc-linux-gnu-library/4.1/S4Vectors/include' -I/N/soft/rhel7/pcre2/10.34/include   -fpic  -I/N/soft/rhel7/zlib/gnu/1.2.11/include -I/N/soft/rhel7/bzip2/1.0.6/include -I/N/soft/rhel7/xz/5.2.3/include -I/N/soft/rhel7/pcre2/10.34/include -I/usr/include  -c SimpleIRangesList_class.c -o SimpleIRangesList_class.o
icc -I"/N/soft/rhel7/r/4.1.1/lib64/R/include" -DNDEBUG  -I'/geode2/home/u060/mamalec/Carbonate/R/x86_64-pc-linux-gnu-library/4.1/S4Vectors/include' -I/N/soft/rhel7/pcre2/10.34/include   -fpic  -I/N/soft/rhel7/zlib/gnu/1.2.11/include -I/N/soft/rhel7/bzip2/1.0.6/include -I/N/soft/rhel7/xz/5.2.3/include -I/N/soft/rhel7/pcre2/10.34/include -I/usr/include  -c coverage_methods.c -o coverage_methods.o
icc -I"/N/soft/rhel7/r/4.1.1/lib64/R/include" -DNDEBUG  -I'/geode2/home/u060/mamalec/Carbonate/R/x86_64-pc-linux-gnu-library/4.1/S4Vectors/include' -I/N/soft/rhel7/pcre2/10.34/include   -fpic  -I/N/soft/rhel7/zlib/gnu/1.2.11/include -I/N/soft/rhel7/bzip2/1.0.6/include -I/N/soft/rhel7/xz/5.2.3/include -I/N/soft/rhel7/pcre2/10.34/include -I/usr/include  -c extractListFragments.c -o extractListFragments.o
icc -I"/N/soft/rhel7/r/4.1.1/lib64/R/include" -DNDEBUG  -I'/geode2/home/u060/mamalec/Carbonate/R/x86_64-pc-linux-gnu-library/4.1/S4Vectors/include' -I/N/soft/rhel7/pcre2/10.34/include   -fpic  -I/N/soft/rhel7/zlib/gnu/1.2.11/include -I/N/soft/rhel7/bzip2/1.0.6/include -I/N/soft/rhel7/xz/5.2.3/include -I/N/soft/rhel7/pcre2/10.34/include -I/usr/include  -c inter_range_methods.c -o inter_range_methods.o
icc -shared -L/N/soft/rhel7/r/4.1.1/lib64/R/lib -L/N/soft/rhel7/zlib/gnu/1.2.11/lib -L/N/soft/rhel7/bzip2/1.0.6/lib -L/N/soft/rhel7/xz/5.2.4/lib -L/N/soft/rhel7/pcre2/10.34/lib -L/N/soft/rhel7/cairo/1.15.4/lib -lcairo -o IRanges.so CompressedAtomicList_utils.o CompressedIRangesList_class.o CompressedList_class.o Grouping_class.o IPosRanges_comparison.o IRanges_class.o IRanges_constructor.o NCList.o R_init_IRanges.o Ranges_class.o RleViews_utils.o S4Vectors_stubs.o SimpleIRangesList_class.o coverage_methods.o extractListFragments.o inter_range_methods.o -L/N/soft/rhel7/r/4.1.1/lib64/R/lib -lR
installing to /geode2/home/u060/mamalec/Carbonate/R/x86_64-pc-linux-gnu-library/4.1/00LOCK-IRanges/00new/IRanges/libs
** R
** inst
** byte-compile and prepare package for lazy loading
Creating a generic function for ‘drop’ from package ‘base’ in package ‘IRanges’
Creating a generic function for ‘runmed’ from package ‘stats’ in package ‘IRanges’
Creating a generic function for ‘chartr’ from package ‘base’ in package ‘IRanges’
Creating a generic function for ‘toupper’ from package ‘base’ in package ‘IRanges’
Creating a generic function for ‘tolower’ from package ‘base’ in package ‘IRanges’
Creating a generic function for ‘sub’ from package ‘base’ in package ‘IRanges’
Creating a generic function for ‘gsub’ from package ‘base’ in package ‘IRanges’
Creating a generic function for ‘startsWith’ from package ‘base’ in package ‘IRanges’
Creating a generic function for ‘endsWith’ from package ‘base’ in package ‘IRanges’
Creating a generic function for ‘smoothEnds’ from package ‘stats’ in package ‘IRanges’
** help
*** installing help indices
** building package indices
** installing vignettes
** testing if installed package can be loaded from temporary location
** checking absolute paths in shared objects and dynamic libraries
** testing if installed package can be loaded from final location
** testing if installed package keeps a record of temporary installation path
* DONE (IRanges)
* installing *source* package ‘GenomeInfoDb’ ...
** using staged installation
** R
** inst
** byte-compile and prepare package for lazy loading
** help
*** installing help indices
** building package indices
** installing vignettes
** testing if installed package can be loaded from temporary location
** testing if installed package can be loaded from final location
** testing if installed package keeps a record of temporary installation path
* DONE (GenomeInfoDb)
* installing *source* package ‘XVector’ ...
** using staged installation
** libs
icc -I"/N/soft/rhel7/r/4.1.1/lib64/R/include" -DNDEBUG  -I'/geode2/home/u060/mamalec/Carbonate/R/x86_64-pc-linux-gnu-library/4.1/S4Vectors/include' -I'/geode2/home/u060/mamalec/Carbonate/R/x86_64-pc-linux-gnu-library/4.1/IRanges/include' -I/N/soft/rhel7/pcre2/10.34/include   -fpic  -I/N/soft/rhel7/zlib/gnu/1.2.11/include -I/N/soft/rhel7/bzip2/1.0.6/include -I/N/soft/rhel7/xz/5.2.3/include -I/N/soft/rhel7/pcre2/10.34/include -I/usr/include  -c IRanges_stubs.c -o IRanges_stubs.o
icc -I"/N/soft/rhel7/r/4.1.1/lib64/R/include" -DNDEBUG  -I'/geode2/home/u060/mamalec/Carbonate/R/x86_64-pc-linux-gnu-library/4.1/S4Vectors/include' -I'/geode2/home/u060/mamalec/Carbonate/R/x86_64-pc-linux-gnu-library/4.1/IRanges/include' -I/N/soft/rhel7/pcre2/10.34/include   -fpic  -I/N/soft/rhel7/zlib/gnu/1.2.11/include -I/N/soft/rhel7/bzip2/1.0.6/include -I/N/soft/rhel7/xz/5.2.3/include -I/N/soft/rhel7/pcre2/10.34/include -I/usr/include  -c Ocopy_byteblocks.c -o Ocopy_byteblocks.o
icc -I"/N/soft/rhel7/r/4.1.1/lib64/R/include" -DNDEBUG  -I'/geode2/home/u060/mamalec/Carbonate/R/x86_64-pc-linux-gnu-library/4.1/S4Vectors/include' -I'/geode2/home/u060/mamalec/Carbonate/R/x86_64-pc-linux-gnu-library/4.1/IRanges/include' -I/N/soft/rhel7/pcre2/10.34/include   -fpic  -I/N/soft/rhel7/zlib/gnu/1.2.11/include -I/N/soft/rhel7/bzip2/1.0.6/include -I/N/soft/rhel7/xz/5.2.3/include -I/N/soft/rhel7/pcre2/10.34/include -I/usr/include  -c RDS_random_access.c -o RDS_random_access.o
icc -I"/N/soft/rhel7/r/4.1.1/lib64/R/include" -DNDEBUG  -I'/geode2/home/u060/mamalec/Carbonate/R/x86_64-pc-linux-gnu-library/4.1/S4Vectors/include' -I'/geode2/home/u060/mamalec/Carbonate/R/x86_64-pc-linux-gnu-library/4.1/IRanges/include' -I/N/soft/rhel7/pcre2/10.34/include   -fpic  -I/N/soft/rhel7/zlib/gnu/1.2.11/include -I/N/soft/rhel7/bzip2/1.0.6/include -I/N/soft/rhel7/xz/5.2.3/include -I/N/soft/rhel7/pcre2/10.34/include -I/usr/include  -c R_init_XVector.c -o R_init_XVector.o
icc -I"/N/soft/rhel7/r/4.1.1/lib64/R/include" -DNDEBUG  -I'/geode2/home/u060/mamalec/Carbonate/R/x86_64-pc-linux-gnu-library/4.1/S4Vectors/include' -I'/geode2/home/u060/mamalec/Carbonate/R/x86_64-pc-linux-gnu-library/4.1/IRanges/include' -I/N/soft/rhel7/pcre2/10.34/include   -fpic  -I/N/soft/rhel7/zlib/gnu/1.2.11/include -I/N/soft/rhel7/bzip2/1.0.6/include -I/N/soft/rhel7/xz/5.2.3/include -I/N/soft/rhel7/pcre2/10.34/include -I/usr/include  -c S4Vectors_stubs.c -o S4Vectors_stubs.o
icc -I"/N/soft/rhel7/r/4.1.1/lib64/R/include" -DNDEBUG  -I'/geode2/home/u060/mamalec/Carbonate/R/x86_64-pc-linux-gnu-library/4.1/S4Vectors/include' -I'/geode2/home/u060/mamalec/Carbonate/R/x86_64-pc-linux-gnu-library/4.1/IRanges/include' -I/N/soft/rhel7/pcre2/10.34/include   -fpic  -I/N/soft/rhel7/zlib/gnu/1.2.11/include -I/N/soft/rhel7/bzip2/1.0.6/include -I/N/soft/rhel7/xz/5.2.3/include -I/N/soft/rhel7/pcre2/10.34/include -I/usr/include  -c SharedDouble_class.c -o SharedDouble_class.o
icc -I"/N/soft/rhel7/r/4.1.1/lib64/R/include" -DNDEBUG  -I'/geode2/home/u060/mamalec/Carbonate/R/x86_64-pc-linux-gnu-library/4.1/S4Vectors/include' -I'/geode2/home/u060/mamalec/Carbonate/R/x86_64-pc-linux-gnu-library/4.1/IRanges/include' -I/N/soft/rhel7/pcre2/10.34/include   -fpic  -I/N/soft/rhel7/zlib/gnu/1.2.11/include -I/N/soft/rhel7/bzip2/1.0.6/include -I/N/soft/rhel7/xz/5.2.3/include -I/N/soft/rhel7/pcre2/10.34/include -I/usr/include  -c SharedInteger_class.c -o SharedInteger_class.o
icc -I"/N/soft/rhel7/r/4.1.1/lib64/R/include" -DNDEBUG  -I'/geode2/home/u060/mamalec/Carbonate/R/x86_64-pc-linux-gnu-library/4.1/S4Vectors/include' -I'/geode2/home/u060/mamalec/Carbonate/R/x86_64-pc-linux-gnu-library/4.1/IRanges/include' -I/N/soft/rhel7/pcre2/10.34/include   -fpic  -I/N/soft/rhel7/zlib/gnu/1.2.11/include -I/N/soft/rhel7/bzip2/1.0.6/include -I/N/soft/rhel7/xz/5.2.3/include -I/N/soft/rhel7/pcre2/10.34/include -I/usr/include  -c SharedRaw_class.c -o SharedRaw_class.o
icc -I"/N/soft/rhel7/r/4.1.1/lib64/R/include" -DNDEBUG  -I'/geode2/home/u060/mamalec/Carbonate/R/x86_64-pc-linux-gnu-library/4.1/S4Vectors/include' -I'/geode2/home/u060/mamalec/Carbonate/R/x86_64-pc-linux-gnu-library/4.1/IRanges/include' -I/N/soft/rhel7/pcre2/10.34/include   -fpic  -I/N/soft/rhel7/zlib/gnu/1.2.11/include -I/N/soft/rhel7/bzip2/1.0.6/include -I/N/soft/rhel7/xz/5.2.3/include -I/N/soft/rhel7/pcre2/10.34/include -I/usr/include  -c SharedVector_class.c -o SharedVector_class.o
icc -I"/N/soft/rhel7/r/4.1.1/lib64/R/include" -DNDEBUG  -I'/geode2/home/u060/mamalec/Carbonate/R/x86_64-pc-linux-gnu-library/4.1/S4Vectors/include' -I'/geode2/home/u060/mamalec/Carbonate/R/x86_64-pc-linux-gnu-library/4.1/IRanges/include' -I/N/soft/rhel7/pcre2/10.34/include   -fpic  -I/N/soft/rhel7/zlib/gnu/1.2.11/include -I/N/soft/rhel7/bzip2/1.0.6/include -I/N/soft/rhel7/xz/5.2.3/include -I/N/soft/rhel7/pcre2/10.34/include -I/usr/include  -c XDouble_class.c -o XDouble_class.o
icc -I"/N/soft/rhel7/r/4.1.1/lib64/R/include" -DNDEBUG  -I'/geode2/home/u060/mamalec/Carbonate/R/x86_64-pc-linux-gnu-library/4.1/S4Vectors/include' -I'/geode2/home/u060/mamalec/Carbonate/R/x86_64-pc-linux-gnu-library/4.1/IRanges/include' -I/N/soft/rhel7/pcre2/10.34/include   -fpic  -I/N/soft/rhel7/zlib/gnu/1.2.11/include -I/N/soft/rhel7/bzip2/1.0.6/include -I/N/soft/rhel7/xz/5.2.3/include -I/N/soft/rhel7/pcre2/10.34/include -I/usr/include  -c XInteger_class.c -o XInteger_class.o
icc -I"/N/soft/rhel7/r/4.1.1/lib64/R/include" -DNDEBUG  -I'/geode2/home/u060/mamalec/Carbonate/R/x86_64-pc-linux-gnu-library/4.1/S4Vectors/include' -I'/geode2/home/u060/mamalec/Carbonate/R/x86_64-pc-linux-gnu-library/4.1/IRanges/include' -I/N/soft/rhel7/pcre2/10.34/include   -fpic  -I/N/soft/rhel7/zlib/gnu/1.2.11/include -I/N/soft/rhel7/bzip2/1.0.6/include -I/N/soft/rhel7/xz/5.2.3/include -I/N/soft/rhel7/pcre2/10.34/include -I/usr/include  -c XRawList_comparison.c -o XRawList_comparison.o
icc -I"/N/soft/rhel7/r/4.1.1/lib64/R/include" -DNDEBUG  -I'/geode2/home/u060/mamalec/Carbonate/R/x86_64-pc-linux-gnu-library/4.1/S4Vectors/include' -I'/geode2/home/u060/mamalec/Carbonate/R/x86_64-pc-linux-gnu-library/4.1/IRanges/include' -I/N/soft/rhel7/pcre2/10.34/include   -fpic  -I/N/soft/rhel7/zlib/gnu/1.2.11/include -I/N/soft/rhel7/bzip2/1.0.6/include -I/N/soft/rhel7/xz/5.2.3/include -I/N/soft/rhel7/pcre2/10.34/include -I/usr/include  -c XRaw_class.c -o XRaw_class.o
icc -I"/N/soft/rhel7/r/4.1.1/lib64/R/include" -DNDEBUG  -I'/geode2/home/u060/mamalec/Carbonate/R/x86_64-pc-linux-gnu-library/4.1/S4Vectors/include' -I'/geode2/home/u060/mamalec/Carbonate/R/x86_64-pc-linux-gnu-library/4.1/IRanges/include' -I/N/soft/rhel7/pcre2/10.34/include   -fpic  -I/N/soft/rhel7/zlib/gnu/1.2.11/include -I/N/soft/rhel7/bzip2/1.0.6/include -I/N/soft/rhel7/xz/5.2.3/include -I/N/soft/rhel7/pcre2/10.34/include -I/usr/include  -c XVectorList_class.c -o XVectorList_class.o
icc -I"/N/soft/rhel7/r/4.1.1/lib64/R/include" -DNDEBUG  -I'/geode2/home/u060/mamalec/Carbonate/R/x86_64-pc-linux-gnu-library/4.1/S4Vectors/include' -I'/geode2/home/u060/mamalec/Carbonate/R/x86_64-pc-linux-gnu-library/4.1/IRanges/include' -I/N/soft/rhel7/pcre2/10.34/include   -fpic  -I/N/soft/rhel7/zlib/gnu/1.2.11/include -I/N/soft/rhel7/bzip2/1.0.6/include -I/N/soft/rhel7/xz/5.2.3/include -I/N/soft/rhel7/pcre2/10.34/include -I/usr/include  -c XVector_class.c -o XVector_class.o
icc -I"/N/soft/rhel7/r/4.1.1/lib64/R/include" -DNDEBUG  -I'/geode2/home/u060/mamalec/Carbonate/R/x86_64-pc-linux-gnu-library/4.1/S4Vectors/include' -I'/geode2/home/u060/mamalec/Carbonate/R/x86_64-pc-linux-gnu-library/4.1/IRanges/include' -I/N/soft/rhel7/pcre2/10.34/include   -fpic  -I/N/soft/rhel7/zlib/gnu/1.2.11/include -I/N/soft/rhel7/bzip2/1.0.6/include -I/N/soft/rhel7/xz/5.2.3/include -I/N/soft/rhel7/pcre2/10.34/include -I/usr/include  -c io_utils.c -o io_utils.o
icc -I"/N/soft/rhel7/r/4.1.1/lib64/R/include" -DNDEBUG  -I'/geode2/home/u060/mamalec/Carbonate/R/x86_64-pc-linux-gnu-library/4.1/S4Vectors/include' -I'/geode2/home/u060/mamalec/Carbonate/R/x86_64-pc-linux-gnu-library/4.1/IRanges/include' -I/N/soft/rhel7/pcre2/10.34/include   -fpic  -I/N/soft/rhel7/zlib/gnu/1.2.11/include -I/N/soft/rhel7/bzip2/1.0.6/include -I/N/soft/rhel7/xz/5.2.3/include -I/N/soft/rhel7/pcre2/10.34/include -I/usr/include  -c slice_methods.c -o slice_methods.o
icc -I"/N/soft/rhel7/r/4.1.1/lib64/R/include" -DNDEBUG  -I'/geode2/home/u060/mamalec/Carbonate/R/x86_64-pc-linux-gnu-library/4.1/S4Vectors/include' -I'/geode2/home/u060/mamalec/Carbonate/R/x86_64-pc-linux-gnu-library/4.1/IRanges/include' -I/N/soft/rhel7/pcre2/10.34/include   -fpic  -I/N/soft/rhel7/zlib/gnu/1.2.11/include -I/N/soft/rhel7/bzip2/1.0.6/include -I/N/soft/rhel7/xz/5.2.3/include -I/N/soft/rhel7/pcre2/10.34/include -I/usr/include  -c vector_copy.c -o vector_copy.o
icc -I"/N/soft/rhel7/r/4.1.1/lib64/R/include" -DNDEBUG  -I'/geode2/home/u060/mamalec/Carbonate/R/x86_64-pc-linux-gnu-library/4.1/S4Vectors/include' -I'/geode2/home/u060/mamalec/Carbonate/R/x86_64-pc-linux-gnu-library/4.1/IRanges/include' -I/N/soft/rhel7/pcre2/10.34/include   -fpic  -I/N/soft/rhel7/zlib/gnu/1.2.11/include -I/N/soft/rhel7/bzip2/1.0.6/include -I/N/soft/rhel7/xz/5.2.3/include -I/N/soft/rhel7/pcre2/10.34/include -I/usr/include  -c view_summarization_methods.c -o view_summarization_methods.o
icc -shared -L/N/soft/rhel7/r/4.1.1/lib64/R/lib -L/N/soft/rhel7/zlib/gnu/1.2.11/lib -L/N/soft/rhel7/bzip2/1.0.6/lib -L/N/soft/rhel7/xz/5.2.4/lib -L/N/soft/rhel7/pcre2/10.34/lib -L/N/soft/rhel7/cairo/1.15.4/lib -lcairo -o XVector.so IRanges_stubs.o Ocopy_byteblocks.o RDS_random_access.o R_init_XVector.o S4Vectors_stubs.o SharedDouble_class.o SharedInteger_class.o SharedRaw_class.o SharedVector_class.o XDouble_class.o XInteger_class.o XRawList_comparison.o XRaw_class.o XVectorList_class.o XVector_class.o io_utils.o slice_methods.o vector_copy.o view_summarization_methods.o -lz -L/N/soft/rhel7/r/4.1.1/lib64/R/lib -lR
installing to /geode2/home/u060/mamalec/Carbonate/R/x86_64-pc-linux-gnu-library/4.1/00LOCK-XVector/00new/XVector/libs
** R
** inst
** byte-compile and prepare package for lazy loading
** help
*** installing help indices
** building package indices
** testing if installed package can be loaded from temporary location
** checking absolute paths in shared objects and dynamic libraries
** testing if installed package can be loaded from final location
** testing if installed package keeps a record of temporary installation path
* DONE (XVector)
* installing *source* package ‘DelayedArray’ ...
** using staged installation
** libs
icc -I"/N/soft/rhel7/r/4.1.1/lib64/R/include" -DNDEBUG  -I'/geode2/home/u060/mamalec/Carbonate/R/x86_64-pc-linux-gnu-library/4.1/S4Vectors/include' -I/N/soft/rhel7/pcre2/10.34/include   -fpic  -I/N/soft/rhel7/zlib/gnu/1.2.11/include -I/N/soft/rhel7/bzip2/1.0.6/include -I/N/soft/rhel7/xz/5.2.3/include -I/N/soft/rhel7/pcre2/10.34/include -I/usr/include  -c R_init_DelayedArray.c -o R_init_DelayedArray.o
icc -I"/N/soft/rhel7/r/4.1.1/lib64/R/include" -DNDEBUG  -I'/geode2/home/u060/mamalec/Carbonate/R/x86_64-pc-linux-gnu-library/4.1/S4Vectors/include' -I/N/soft/rhel7/pcre2/10.34/include   -fpic  -I/N/soft/rhel7/zlib/gnu/1.2.11/include -I/N/soft/rhel7/bzip2/1.0.6/include -I/N/soft/rhel7/xz/5.2.3/include -I/N/soft/rhel7/pcre2/10.34/include -I/usr/include  -c S4Vectors_stubs.c -o S4Vectors_stubs.o
icc -I"/N/soft/rhel7/r/4.1.1/lib64/R/include" -DNDEBUG  -I'/geode2/home/u060/mamalec/Carbonate/R/x86_64-pc-linux-gnu-library/4.1/S4Vectors/include' -I/N/soft/rhel7/pcre2/10.34/include   -fpic  -I/N/soft/rhel7/zlib/gnu/1.2.11/include -I/N/soft/rhel7/bzip2/1.0.6/include -I/N/soft/rhel7/xz/5.2.3/include -I/N/soft/rhel7/pcre2/10.34/include -I/usr/include  -c abind.c -o abind.o
icc -I"/N/soft/rhel7/r/4.1.1/lib64/R/include" -DNDEBUG  -I'/geode2/home/u060/mamalec/Carbonate/R/x86_64-pc-linux-gnu-library/4.1/S4Vectors/include' -I/N/soft/rhel7/pcre2/10.34/include   -fpic  -I/N/soft/rhel7/zlib/gnu/1.2.11/include -I/N/soft/rhel7/bzip2/1.0.6/include -I/N/soft/rhel7/xz/5.2.3/include -I/N/soft/rhel7/pcre2/10.34/include -I/usr/include  -c array_selection.c -o array_selection.o
icc -I"/N/soft/rhel7/r/4.1.1/lib64/R/include" -DNDEBUG  -I'/geode2/home/u060/mamalec/Carbonate/R/x86_64-pc-linux-gnu-library/4.1/S4Vectors/include' -I/N/soft/rhel7/pcre2/10.34/include   -fpic  -I/N/soft/rhel7/zlib/gnu/1.2.11/include -I/N/soft/rhel7/bzip2/1.0.6/include -I/N/soft/rhel7/xz/5.2.3/include -I/N/soft/rhel7/pcre2/10.34/include -I/usr/include  -c compress_atomic_vector.c -o compress_atomic_vector.o
icc -I"/N/soft/rhel7/r/4.1.1/lib64/R/include" -DNDEBUG  -I'/geode2/home/u060/mamalec/Carbonate/R/x86_64-pc-linux-gnu-library/4.1/S4Vectors/include' -I/N/soft/rhel7/pcre2/10.34/include   -fpic  -I/N/soft/rhel7/zlib/gnu/1.2.11/include -I/N/soft/rhel7/bzip2/1.0.6/include -I/N/soft/rhel7/xz/5.2.3/include -I/N/soft/rhel7/pcre2/10.34/include -I/usr/include  -c sparseMatrix_utils.c -o sparseMatrix_utils.o
icc -shared -L/N/soft/rhel7/r/4.1.1/lib64/R/lib -L/N/soft/rhel7/zlib/gnu/1.2.11/lib -L/N/soft/rhel7/bzip2/1.0.6/lib -L/N/soft/rhel7/xz/5.2.4/lib -L/N/soft/rhel7/pcre2/10.34/lib -L/N/soft/rhel7/cairo/1.15.4/lib -lcairo -o DelayedArray.so R_init_DelayedArray.o S4Vectors_stubs.o abind.o array_selection.o compress_atomic_vector.o sparseMatrix_utils.o -L/N/soft/rhel7/r/4.1.1/lib64/R/lib -lR
installing to /geode2/home/u060/mamalec/Carbonate/R/x86_64-pc-linux-gnu-library/4.1/00LOCK-DelayedArray/00new/DelayedArray/libs
** R
** inst
** byte-compile and prepare package for lazy loading
Creating a new generic function for ‘rowsum’ in package ‘DelayedArray’
Creating a new generic function for ‘aperm’ in package ‘DelayedArray’
Creating a new generic function for ‘apply’ in package ‘DelayedArray’
Creating a new generic function for ‘sweep’ in package ‘DelayedArray’
Creating a new generic function for ‘scale’ in package ‘DelayedArray’
Creating a generic function for ‘dnorm’ from package ‘stats’ in package ‘DelayedArray’
Creating a generic function for ‘pnorm’ from package ‘stats’ in package ‘DelayedArray’
Creating a generic function for ‘qnorm’ from package ‘stats’ in package ‘DelayedArray’
Creating a generic function for ‘dbinom’ from package ‘stats’ in package ‘DelayedArray’
Creating a generic function for ‘pbinom’ from package ‘stats’ in package ‘DelayedArray’
Creating a generic function for ‘qbinom’ from package ‘stats’ in package ‘DelayedArray’
Creating a generic function for ‘dpois’ from package ‘stats’ in package ‘DelayedArray’
Creating a generic function for ‘ppois’ from package ‘stats’ in package ‘DelayedArray’
Creating a generic function for ‘qpois’ from package ‘stats’ in package ‘DelayedArray’
Creating a generic function for ‘dlogis’ from package ‘stats’ in package ‘DelayedArray’
Creating a generic function for ‘plogis’ from package ‘stats’ in package ‘DelayedArray’
Creating a generic function for ‘qlogis’ from package ‘stats’ in package ‘DelayedArray’
** help
*** installing help indices
** building package indices
** installing vignettes
** testing if installed package can be loaded from temporary location
** checking absolute paths in shared objects and dynamic libraries
** testing if installed package can be loaded from final location
** testing if installed package keeps a record of temporary installation path
* DONE (DelayedArray)
* installing *source* package ‘GenomicRanges’ ...
** using staged installation
** libs
icc -I"/N/soft/rhel7/r/4.1.1/lib64/R/include" -DNDEBUG  -I'/geode2/home/u060/mamalec/Carbonate/R/x86_64-pc-linux-gnu-library/4.1/S4Vectors/include' -I'/geode2/home/u060/mamalec/Carbonate/R/x86_64-pc-linux-gnu-library/4.1/IRanges/include' -I/N/soft/rhel7/pcre2/10.34/include   -fpic  -I/N/soft/rhel7/zlib/gnu/1.2.11/include -I/N/soft/rhel7/bzip2/1.0.6/include -I/N/soft/rhel7/xz/5.2.3/include -I/N/soft/rhel7/pcre2/10.34/include -I/usr/include  -c IRanges_stubs.c -o IRanges_stubs.o
icc -I"/N/soft/rhel7/r/4.1.1/lib64/R/include" -DNDEBUG  -I'/geode2/home/u060/mamalec/Carbonate/R/x86_64-pc-linux-gnu-library/4.1/S4Vectors/include' -I'/geode2/home/u060/mamalec/Carbonate/R/x86_64-pc-linux-gnu-library/4.1/IRanges/include' -I/N/soft/rhel7/pcre2/10.34/include   -fpic  -I/N/soft/rhel7/zlib/gnu/1.2.11/include -I/N/soft/rhel7/bzip2/1.0.6/include -I/N/soft/rhel7/xz/5.2.3/include -I/N/soft/rhel7/pcre2/10.34/include -I/usr/include  -c R_init_GenomicRanges.c -o R_init_GenomicRanges.o
icc -I"/N/soft/rhel7/r/4.1.1/lib64/R/include" -DNDEBUG  -I'/geode2/home/u060/mamalec/Carbonate/R/x86_64-pc-linux-gnu-library/4.1/S4Vectors/include' -I'/geode2/home/u060/mamalec/Carbonate/R/x86_64-pc-linux-gnu-library/4.1/IRanges/include' -I/N/soft/rhel7/pcre2/10.34/include   -fpic  -I/N/soft/rhel7/zlib/gnu/1.2.11/include -I/N/soft/rhel7/bzip2/1.0.6/include -I/N/soft/rhel7/xz/5.2.3/include -I/N/soft/rhel7/pcre2/10.34/include -I/usr/include  -c S4Vectors_stubs.c -o S4Vectors_stubs.o
icc -I"/N/soft/rhel7/r/4.1.1/lib64/R/include" -DNDEBUG  -I'/geode2/home/u060/mamalec/Carbonate/R/x86_64-pc-linux-gnu-library/4.1/S4Vectors/include' -I'/geode2/home/u060/mamalec/Carbonate/R/x86_64-pc-linux-gnu-library/4.1/IRanges/include' -I/N/soft/rhel7/pcre2/10.34/include   -fpic  -I/N/soft/rhel7/zlib/gnu/1.2.11/include -I/N/soft/rhel7/bzip2/1.0.6/include -I/N/soft/rhel7/xz/5.2.3/include -I/N/soft/rhel7/pcre2/10.34/include -I/usr/include  -c transcript_utils.c -o transcript_utils.o
icc -shared -L/N/soft/rhel7/r/4.1.1/lib64/R/lib -L/N/soft/rhel7/zlib/gnu/1.2.11/lib -L/N/soft/rhel7/bzip2/1.0.6/lib -L/N/soft/rhel7/xz/5.2.4/lib -L/N/soft/rhel7/pcre2/10.34/lib -L/N/soft/rhel7/cairo/1.15.4/lib -lcairo -o GenomicRanges.so IRanges_stubs.o R_init_GenomicRanges.o S4Vectors_stubs.o transcript_utils.o -L/N/soft/rhel7/r/4.1.1/lib64/R/lib -lR
installing to /geode2/home/u060/mamalec/Carbonate/R/x86_64-pc-linux-gnu-library/4.1/00LOCK-GenomicRanges/00new/GenomicRanges/libs
** R
** inst
** byte-compile and prepare package for lazy loading
** help
*** installing help indices
** building package indices
** installing vignettes
** testing if installed package can be loaded from temporary location
** checking absolute paths in shared objects and dynamic libraries
** testing if installed package can be loaded from final location
** testing if installed package keeps a record of temporary installation path
* DONE (GenomicRanges)
* installing *source* package ‘SummarizedExperiment’ ...
** using staged installation
** R
** inst
** byte-compile and prepare package for lazy loading
** help
*** installing help indices
** building package indices
** installing vignettes
** testing if installed package can be loaded from temporary location
** testing if installed package can be loaded from final location
** testing if installed package keeps a record of temporary installation path
* DONE (SummarizedExperiment)
* installing *source* package ‘SingleCellExperiment’ ...
** using staged installation
** R
** inst
** byte-compile and prepare package for lazy loading
** help
*** installing help indices
** building package indices
** installing vignettes
** testing if installed package can be loaded from temporary location
** testing if installed package can be loaded from final location
** testing if installed package keeps a record of temporary installation path
* DONE (SingleCellExperiment)

The downloaded source packages are in
	‘/tmp/RtmpKF0Qp6/downloaded_packages’
Installation paths not writeable, unable to update packages
  path: /geode2/soft/hps/rhel7/r/4.1.1/lib64/R/library
  packages:
    ade4, akima, aRxiv, backports, brio, broom, bslib, car, cli, coin, conquer,
    corpcor, corrplot, cpp11, crayon, credentials, crosstalk, crul, data.table,
    deldir, dendextend, desc, deSolve, devtools, diffobj, digest, dimRed, drat,
    DT, dtplyr, e1071, emmeans, exactRankTests, excursions, fdrtool, fields,
    fitdistrplus, fs, future, gender, generics, geomorph, geosphere, gert,
    git2r, glmnet, glue, goftest, h2o, Hmisc, hms, htmlTable, igraph,
    influenceR, insight, irlba, keras, knitr, lattice, lfe, libcoin, lifecycle,
    lmtest, lubridate, manipulateWidget, maps, Matrix, matrixStats, mclust,
    memoise, memuse, meta, mgcv, mice, mime, mirt, misc3d, mitml, msm, mvtnorm,
    ngram, nimble, nloptr, parallelly, party, pbapply, pbdZMQ, phangorn,
    pillar, pkgbuild, pkgload, PKI, plotly, polycor, pracma, progressr, psych,
    qtl, R.utils, randomForestSRC, raster, rbibutils, rcmdcheck, RcppArmadillo,
    Rcsdp, RCurl, Rdpack, readr, recipes, remotes, reticulate, rex, rgl, rio,
    rJava, RJSONIO, rlang, rngtools, robust, robustbase, rootSolve,
    RPostgreSQL, rrcov, RRPP, RSclient, rsconnect, runner, rvest, Rwave, s2,
    satellite, sessioninfo, SeuratObject, shiny, sirt, sitmo, sjmisc, slam, sn,
    snow, sp, sparklyr, spatstat, spatstat.core, spatstat.geom,
    spatstat.linnet, spatstat.utils, spData, stopwords, stringi, systemfonts,
    tensorflow, testthat, tfautograph, TH.data, tibble, tidyr, tidytext,
    tinytex, TMB, tsna, TTR, tzdb, usethis, uuid, uwot, V8, viridis,
    visNetwork, vroom, withr, xfun, XML, xml2
Warning message:
In .inet_warning(msg) :
  installation of package ‘Biobase’ had non-zero exit status
> if (!requireNamespace("stats", quietly = TRUE))
+   install.packages("stats")
> if (!requireNamespace("Rcpp", quietly = TRUE))
+   install.packages("Rcpp")
> if (!requireNamespace("cluster", quietly = TRUE))
+   install.packages("cluster")
> 
> library(mclust)
Package 'mclust' version 5.4.7
Type 'citation("mclust")' for citing this R package in publications.
> library(Rtsne)
> library(SummarizedExperiment)
Loading required package: MatrixGenerics
Loading required package: matrixStats

Attaching package: ‘MatrixGenerics’

The following objects are masked from ‘package:matrixStats’:

    colAlls, colAnyNAs, colAnys, colAvgsPerRowSet, colCollapse,
    colCounts, colCummaxs, colCummins, colCumprods, colCumsums,
    colDiffs, colIQRDiffs, colIQRs, colLogSumExps, colMadDiffs,
    colMads, colMaxs, colMeans2, colMedians, colMins, colOrderStats,
    colProds, colQuantiles, colRanges, colRanks, colSdDiffs, colSds,
    colSums2, colTabulates, colVarDiffs, colVars, colWeightedMads,
    colWeightedMeans, colWeightedMedians, colWeightedSds,
    colWeightedVars, rowAlls, rowAnyNAs, rowAnys, rowAvgsPerColSet,
    rowCollapse, rowCounts, rowCummaxs, rowCummins, rowCumprods,
    rowCumsums, rowDiffs, rowIQRDiffs, rowIQRs, rowLogSumExps,
    rowMadDiffs, rowMads, rowMaxs, rowMeans2, rowMedians, rowMins,
    rowOrderStats, rowProds, rowQuantiles, rowRanges, rowRanks,
    rowSdDiffs, rowSds, rowSums2, rowTabulates, rowVarDiffs, rowVars,
    rowWeightedMads, rowWeightedMeans, rowWeightedMedians,
    rowWeightedSds, rowWeightedVars

Loading required package: GenomicRanges
Loading required package: stats4
Loading required package: BiocGenerics

Attaching package: ‘BiocGenerics’

The following objects are masked from ‘package:stats’:

    IQR, mad, sd, var, xtabs

The following objects are masked from ‘package:base’:

    anyDuplicated, append, as.data.frame, basename, cbind, colnames,
    dirname, do.call, duplicated, eval, evalq, Filter, Find, get, grep,
    grepl, intersect, is.unsorted, lapply, Map, mapply, match, mget,
    order, paste, pmax, pmax.int, pmin, pmin.int, Position, rank,
    rbind, Reduce, rownames, sapply, setdiff, sort, table, tapply,
    union, unique, unsplit, which.max, which.min

Loading required package: S4Vectors

Attaching package: ‘S4Vectors’

The following objects are masked from ‘package:base’:

    expand.grid, I, unname

Loading required package: IRanges
Loading required package: GenomeInfoDb
Loading required package: Biobase
Welcome to Bioconductor

    Vignettes contain introductory material; view with
    'browseVignettes()'. To cite Bioconductor, see
    'citation("Biobase")', and for packages 'citation("pkgname")'.


Attaching package: ‘Biobase’

The following object is masked from ‘package:MatrixGenerics’:

    rowMedians

The following objects are masked from ‘package:matrixStats’:

    anyMissing, rowMedians

> library(SC3)
Error in library(SC3) : there is no package called ‘SC3’
Execution halted
